<?xml version="1.0" encoding="utf-8"?><testsuites><testsuite name="pytest" errors="0" failures="0" skipped="0" tests="3" time="0.851" timestamp="2024-09-12T23:10:34.885790-04:00" hostname="Terrys-MBP.attlocal.net"><testcase classname="tests.unit.test_app" name="test_redirect" time="0.041" /><testcase classname="tests.unit.test_app" name="test_users" time="0.155" /><testcase classname="tests.unit.test_app" name="test_home" time="0.137" /></testsuite></testsuites>